Parsing policy file: /etc/tripwire/tw.pol
*** Processing Unix File System ***
Performing integrity check...
Wrote report file: /var/lib/tripwire/report/fsc-target-20260919-152736.twr


Open Source Tripwire(R) 2.4.3.7 Integrity Check Report

Report generated by:          root
Report created on:            Sa 19 Sep 2026 15:27:36 UTC
Database last updated on:     Never

===============================================================================
Report Summary:
===============================================================================

Host name:                    fsc-target
Host IP address:              127.0.1.1
Host ID:                      None
Policy file used:             /etc/tripwire/tw.pol
Configuration file used:      /etc/tripwire/tw.cfg
Database file used:           /var/lib/tripwire/fsc-target.twd
Command line used:            tripwire --check 

===============================================================================
Rule Summary: 
===============================================================================

-------------------------------------------------------------------------------
  Section: Unix File System
-------------------------------------------------------------------------------

  Rule Name                       Severity Level    Added    Removed  Modified 
  ---------                       --------------    -----    -------  -------- 
* FSC Testverzeichnis             100               1        1        5        
  (/opt/fsc-test)

Total objects scanned:  202
Total violations found:  7

===============================================================================
Object Summary: 
===============================================================================

-------------------------------------------------------------------------------
# Section: Unix File System
-------------------------------------------------------------------------------

-------------------------------------------------------------------------------
Rule Name: FSC Testverzeichnis (/opt/fsc-test)
Severity Level: 100
-------------------------------------------------------------------------------

Added:
"/opt/fsc-test/file_neu.bin"

Removed:
"/opt/fsc-test/file_200.bin"

Modified:
"/opt/fsc-test"
"/opt/fsc-test/file_1.bin"
"/opt/fsc-test/file_2.bin"
"/opt/fsc-test/file_3.bin"
"/opt/fsc-test/testbinary"

===============================================================================
Error Report: 
===============================================================================

No Errors

-------------------------------------------------------------------------------
*** End of report ***

Open Source Tripwire 2.4 Portions copyright 2000-2018 Tripwire, Inc.  Tripwire is a registered
trademark of Tripwire, Inc. This software comes with ABSOLUTELY NO WARRANTY;
for details use --version. This is free software which may be redistributed
or modified only under certain conditions; see COPYING for details.
All rights reserved.
Integrity check complete.
