1 ohne rueckgenommen 1 :: 
1 ohne rueckgenommen 2 :: 
1 ohne rueckgenommen 3 :: 
1 ohne rueckgenommen 4 :: 
1 ohne rueckgenommen 5 :: 
1 ohne persistent 6 :: f = p..   ...      : /opt/fsc-test/testbinary
File: /opt/fsc-test/testbinary
1 ohne persistent 7 :: f = p..   ...      : /opt/fsc-test/testbinary
File: /opt/fsc-test/testbinary
1 mit rueckgenommen 1 :: f = ...  c...      : /opt/fsc-test/testbinary
File: /opt/fsc-test/testbinary
1 mit rueckgenommen 2 :: f = ...  c...      : /opt/fsc-test/testbinary
File: /opt/fsc-test/testbinary
1 mit rueckgenommen 3 :: f = ...  c...      : /opt/fsc-test/testbinary
File: /opt/fsc-test/testbinary
1 mit rueckgenommen 4 :: f = ...  c...      : /opt/fsc-test/testbinary
File: /opt/fsc-test/testbinary
1 mit rueckgenommen 5 :: f = ...  c...      : /opt/fsc-test/testbinary
File: /opt/fsc-test/testbinary
1 mit persistent 6 :: f = p..  c...      : /opt/fsc-test/testbinary
File: /opt/fsc-test/testbinary
1 mit persistent 7 :: f = p..  c...      : /opt/fsc-test/testbinary
File: /opt/fsc-test/testbinary
2 ohne rueckgenommen 1 :: 
2 ohne rueckgenommen 2 :: 
2 ohne rueckgenommen 3 :: 
2 ohne rueckgenommen 4 :: 
2 ohne rueckgenommen 5 :: 
2 ohne persistent 6 :: f = p..   ...      : /opt/fsc-test/testbinary
File: /opt/fsc-test/testbinary
2 ohne persistent 7 :: f = p..   ...      : /opt/fsc-test/testbinary
File: /opt/fsc-test/testbinary
2 mit rueckgenommen 1 :: f = ...  c...      : /opt/fsc-test/testbinary
File: /opt/fsc-test/testbinary
2 mit rueckgenommen 2 :: f = ...  c...      : /opt/fsc-test/testbinary
File: /opt/fsc-test/testbinary
2 mit rueckgenommen 3 :: f = ...  c...      : /opt/fsc-test/testbinary
File: /opt/fsc-test/testbinary
2 mit rueckgenommen 4 :: f = ...  c...      : /opt/fsc-test/testbinary
File: /opt/fsc-test/testbinary
2 mit rueckgenommen 5 :: f = ...  c...      : /opt/fsc-test/testbinary
File: /opt/fsc-test/testbinary
2 mit persistent 6 :: f = p..  c...      : /opt/fsc-test/testbinary
File: /opt/fsc-test/testbinary
2 mit persistent 7 :: f = p..  c...      : /opt/fsc-test/testbinary
File: /opt/fsc-test/testbinary
3 ohne rueckgenommen 1 :: 
3 ohne rueckgenommen 2 :: 
3 ohne rueckgenommen 3 :: 
3 ohne rueckgenommen 4 :: 
3 ohne rueckgenommen 5 :: 
3 ohne persistent 6 :: f = p..   ...      : /opt/fsc-test/testbinary
File: /opt/fsc-test/testbinary
3 ohne persistent 7 :: f = p..   ...      : /opt/fsc-test/testbinary
File: /opt/fsc-test/testbinary
3 mit rueckgenommen 1 :: f = ...  c...      : /opt/fsc-test/testbinary
File: /opt/fsc-test/testbinary
3 mit rueckgenommen 2 :: f = ...  c...      : /opt/fsc-test/testbinary
File: /opt/fsc-test/testbinary
3 mit rueckgenommen 3 :: f = ...  c...      : /opt/fsc-test/testbinary
File: /opt/fsc-test/testbinary
3 mit rueckgenommen 4 :: f = ...  c...      : /opt/fsc-test/testbinary
File: /opt/fsc-test/testbinary
3 mit rueckgenommen 5 :: f = ...  c...      : /opt/fsc-test/testbinary
File: /opt/fsc-test/testbinary
3 mit persistent 6 :: f = p..  c...      : /opt/fsc-test/testbinary
File: /opt/fsc-test/testbinary
3 mit persistent 7 :: f = p..  c...      : /opt/fsc-test/testbinary
File: /opt/fsc-test/testbinary
4 ohne rueckgenommen 1 :: 
4 ohne rueckgenommen 2 :: 
4 ohne rueckgenommen 3 :: 
4 ohne rueckgenommen 4 :: 
4 ohne rueckgenommen 5 :: 
4 ohne persistent 6 :: f = p..   ...      : /opt/fsc-test/testbinary
File: /opt/fsc-test/testbinary
4 ohne persistent 7 :: f = p..   ...      : /opt/fsc-test/testbinary
File: /opt/fsc-test/testbinary
4 mit rueckgenommen 1 :: f = ...  c...      : /opt/fsc-test/testbinary
File: /opt/fsc-test/testbinary
4 mit rueckgenommen 2 :: f = ...  c...      : /opt/fsc-test/testbinary
File: /opt/fsc-test/testbinary
4 mit rueckgenommen 3 :: f = ...  c...      : /opt/fsc-test/testbinary
File: /opt/fsc-test/testbinary
4 mit rueckgenommen 4 :: f = ...  c...      : /opt/fsc-test/testbinary
File: /opt/fsc-test/testbinary
4 mit rueckgenommen 5 :: f = ...  c...      : /opt/fsc-test/testbinary
File: /opt/fsc-test/testbinary
4 mit persistent 6 :: f = p..  c...      : /opt/fsc-test/testbinary
File: /opt/fsc-test/testbinary
4 mit persistent 7 :: f = p..  c...      : /opt/fsc-test/testbinary
File: /opt/fsc-test/testbinary
